Restore Archived Project report for ProcessadorMIPS
Sat Jul 19 03:12:26 2025
Quartus Prime Version 19.1.0 Build 670 09/22/2019 SJ Lite Edition


---------------------
; Table of Contents ;
---------------------
  1. Legal Notice
  2. Restore Archived Project Summary
  3. Restore Archived Project Messages
  4. Files Restored
  5. Files Not Restored



----------------
; Legal Notice ;
----------------
Copyright (C) 2019  Intel Corporation. All rights reserved.
Your use of Intel Corporation's design tools, logic functions 
and other software and tools, and any partner logic 
functions, and any output files from any of the foregoing 
(including device programming or simulation files), and any 
associated documentation or information are expressly subject 
to the terms and conditions of the Intel Program License 
Subscription Agreement, the Intel Quartus Prime License Agreement,
the Intel FPGA IP License Agreement, or other applicable license
agreement, including, without limitation, that your use is for
the sole purpose of programming logic devices manufactured by
Intel and sold by Intel or its authorized distributors.  Please
refer to the applicable agreement for further details, at
https://fpgasoftware.intel.com/eula.



+-------------------------------------------------------------------------+
; Restore Archived Project Summary                                        ;
+---------------------------------+---------------------------------------+
; Restore Archived Project Status ; Successful - Sat Jul 19 03:12:26 2025 ;
; Revision Name                   ; ProcessadorMIPS                       ;
; Top-level Entity Name           ; CPU                                   ;
; Family                          ; Cyclone IV E                          ;
+---------------------------------+---------------------------------------+


+-----------------------------------+
; Restore Archived Project Messages ;
+-----------------------------------+
Info: Successfully restored 'C:/Users/bruno/Downloads/ProcessadorMIPSBRUNAO.qar' into the 'C:/Users/bruno/Downloads/ProcessadorMIPSBRUNAO_restored/' directory
Info: Generated report 'ProcessadorMIPS.restore.rpt'
Info (23030): Evaluation of Tcl script c:/intelfpga_lite/19.1/quartus/common/tcl/apps/qpm/qar.tcl was successful
Info: Quartus Prime Shell was successful. 0 errors, 0 warnings
    Info: Peak virtual memory: 4824 megabytes
    Info: Processing ended: Sat Jul 19 03:12:26 2025
    Info: Elapsed time: 00:00:02
    Info: Total CPU time (on all processors): 00:00:01


+-------------------------+
; Files Restored          ;
+-------------------------+
; File Name               ;
+-------------------------+
; qar_info.json           ;
; CPU.v                   ;
; CPU.vwf                 ;
; Controle.v              ;
; Controle.vwf            ;
; DivFreq.v               ;
; DivFreq.vwf             ;
; ExtensorBit.v           ;
; ExtensorBit.vwf         ;
; MUX.v                   ;
; MUX2.v                  ;
; MUX8.v                  ;
; OutputMod.v             ;
; OutputMod.vwf           ;
; ProcessadorMIPS.qpf     ;
; ProcessadorMIPS.qsf     ;
; ProgramCounter.v        ;
; ProgramCounter.vwf      ;
; RAM.vwf                 ;
; RAMDualPortDualClock.v  ;
; ROM.vwf                 ;
; ROMSinglePort.v         ;
; Reg.vwf                 ;
; Registradores.v         ;
; ULA.v                   ;
; ULA.vwf                 ;
; UnidadeProcessamento.v  ;
; Waveform.vwf            ;
; Waveform10.vwf          ;
; Waveform7.vwf           ;
; Waveform8.vwf           ;
; Waveform9.vwf           ;
; assignment_defaults.qdf ;
; bcd.v                   ;
; brancher.v              ;
; brancher.vwf            ;
; seg7.v                  ;
; test.txt                ;
+-------------------------+


+--------------------+
; Files Not Restored ;
+--------------------+
; File Name          ;
+--------------------+


